14,230,1440498,-;init: - watchdog -
14,258,7631883,-;procd: - watchdog -
14,259,8214680,-;procd: - watchdog -
6,278,9720940,-;remoteproc remoteproc1: remote processor a204000.remoteproc is now up
6,283,10790015,-;qcom-q6v5-mss 4080000.remoteproc: q6v5-trace: 10 qcom_q6v5_prepare
6,284,10794994,-;qcom-q6v5-mss 4080000.remoteproc: q6v5-trace: 11 pds_enable proxy
6,285,10803385,-;qcom-q6v5-mss 4080000.remoteproc: q6v5-trace: 12 regulator_enable fallback_proxy
6,286,10809563,-;qcom-q6v5-mss 4080000.remoteproc: q6v5-trace: 13 regulator_enable proxy
6,288,10817798,-;qcom-q6v5-mss 4080000.remoteproc: q6v5-trace: 14 clk_enable proxy
6,289,10831088,-;qcom-q6v5-mss 4080000.remoteproc: q6v5-trace: 15 regulator_enable active
6,290,10838109,-;qcom-q6v5-mss 4080000.remoteproc: q6v5-trace: 16 clk_enable reset
6,292,10845884,-;qcom-q6v5-mss 4080000.remoteproc: q6v5-trace: 17 reset_deassert
6,293,10861212,-;qcom-q6v5-mss 4080000.remoteproc: q6v5-trace: 18 clk_enable active
6,294,10868178,-;qcom-q6v5-mss 4080000.remoteproc: q6v5-trace: 19 enable_qchannel axi
6,295,10875386,-;qcom-q6v5-mss 4080000.remoteproc: q6v5-trace: 20 SCM mpss_perm (TrustZone)
6,296,10882889,-;qcom-q6v5-mss 4080000.remoteproc: q6v5-trace: 21 SCM mba_perm (TrustZone)
6,297,10890626,-;qcom-q6v5-mss 4080000.remoteproc: q6v5-trace: 22 pil_info_store + rmb writel
6,298,10898525,-;qcom-q6v5-mss 4080000.remoteproc: q6v5-trace: 23 q6v5proc_reset
6,299,10949338,-;qcom-q6v5-mss 4080000.remoteproc: MBA booted without debug policy, loading mpss
6,300,11679145,-;bam-dmux 4080000.remoteproc:bam-dmux: bam_dmux: SSR after powerup: scheduling powerup work
6,301,11679265,-;remoteproc remoteproc0: remote processor 4080000.remoteproc is now up
6,305,12356811,-;bam-dmux 4080000.remoteproc:bam-dmux: bam_dmux: SSR powerup: modem pc_state=1 (waited 580 ms)
6,306,12369705,-;bam-dmux 4080000.remoteproc:bam-dmux: bam_dmux: SSR powerup: channels already active
