watcher start Thu Oct  1 10:37:58 +0545 2026
boot=64471.502727 fatal_base=45 fallback=65431.5
10:37:58 64789.88 45 1765 2184 0 66
10:38:08 64800.07 45 1765 2184 0 66
10:38:18 64810.27 45 1765 2184 0 66
10:38:28 64820.46 45 1765 2184 0 66
10:38:39 64830.64 45 1765 2184 0 66
10:38:49 64840.83 45 1765 2184 0 66
10:38:59 64851.01 45 1765 2184 0 66
10:39:09 64861.20 45 1765 2184 0 66
10:39:19 64871.39 45 1765 2184 0 66
10:39:30 64881.58 45 1765 2184 0 66
10:39:40 64891.77 45 1765 2184 0 66
10:39:50 64901.95 45 1765 2184 0 66
10:40:00 64912.14 45 1765 2184 0 66
10:40:10 64922.33 45 1765 2184 0 66
10:40:20 64932.52 45 1765 2184 0 66
10:40:31 64942.70 45 1765 2184 0 66
10:40:41 64952.89 45 1765 2184 0 66
10:40:51 64963.08 45 1765 2184 0 66
10:41:01 64973.26 45 1765 2184 0 66
10:41:11 64983.45 45 1765 2184 0 66
10:41:22 64993.65 45 1765 2184 0 66
10:41:32 65003.84 45 1765 2184 0 66
10:41:42 65014.03 45 1765 2184 0 66
10:41:52 65024.22 45 1765 2184 0 66
10:42:02 65034.41 45 1765 2184 0 66
10:42:13 65044.60 45 1765 2184 0 66
10:42:23 65054.79 45 1765 2184 0 66
10:42:33 65064.97 45 1765 2184 0 66
10:42:43 65075.16 45 1765 2184 0 66
10:42:53 65085.35 45 1765 2184 0 66
10:43:04 65095.55 45 1765 2184 0 66
10:43:14 65105.74 45 1765 2184 0 66
10:43:24 65115.93 45 1765 2184 0 66
10:43:34 65126.11 45 1765 2184 0 66
10:43:44 65136.29 45 1765 2184 0 66
10:43:54 65146.48 45 1765 2184 0 66
10:44:05 65156.67 45 1765 2184 0 66
10:44:15 65166.85 45 1765 2184 0 66
10:44:25 65177.04 45 1765 2184 0 66
10:44:35 65187.22 45 1765 2184 0 66
10:44:45 65197.41 45 1765 2184 0 66
10:44:56 65207.60 45 1765 2184 0 66
10:45:06 65217.79 45 1765 2184 0 66
10:45:16 65227.97 45 1765 2184 0 66
10:45:26 65238.16 45 1765 2184 0 66
10:45:36 65248.35 45 1765 2184 0 66
10:45:46 65258.54 45 1765 2184 0 66
10:45:57 65268.72 45 1765 2184 0 66
10:46:07 65278.91 45 1765 2184 0 66
10:46:17 65289.09 45 1765 2184 0 66
10:46:27 65299.28 45 1765 2184 0 66
10:46:37 65309.47 45 1765 2184 0 66
10:46:48 65319.66 45 1765 2184 0 66
10:46:58 65329.84 45 1765 2184 0 66
10:47:08 65340.03 45 1765 2184 0 66
10:47:18 65350.21 45 1765 2184 0 66
10:47:28 65360.40 45 1765 2184 0 66
10:47:39 65370.59 45 1765 2184 0 66
10:47:49 /system/bin/sh: cat: /sys/class/net/rmnet1/statistics/rx_bytes: No such file or directory
/system/bin/sh: cat: /sys/class/net/rmnet1/statistics/tx_bytes: No such file or directory
65380.80 46   47059668 66
10:47:59 65391.26 46 0 0 85443284 67
=== FATAL DETECTED uptime=65391.26 fatal=46 ===
--- waiting for dump ---
10:47:59 dump size=85443284
=== DUMP COMPLETE ===
watcher done Thu Oct  1 10:47:59 +0545 2026
