15:53:59 up=272.16 fatal=0 mm=[32mconnected[0m/on/lte/attached/ last=
15:54:14 up=287.32 fatal=0 mm=[32mconnected[0m/on/lte/attached/ last=
15:54:30 up=302.52 fatal=0 mm=[32mconnected[0m/on/lte/attached/ last=
15:54:45 up=317.74 fatal=0 mm=[32mconnected[0m/on/lte/attached/ last=
15:55:00 up=332.93 fatal=0 mm=[32mconnected[0m/on/lte/attached/ last=
15:55:15 up=348.11 fatal=0 mm=[32mconnected[0m/on/lte/attached/ last=
15:55:30 up=363.27 fatal=0 mm=[32mconnected[0m/on/lte/attached/ last=
15:55:46 
15:56:09 up=26.81 fatal=0 mm= last=
15:56:24 up=42.02 fatal=0 mm=registered/on/lte/attached/ last=
15:56:39 up=57.23 fatal=0 mm=[32mconnected[0m/on/lte/attached/ last=
15:56:54 up=72.40 fatal=0 mm=[32mconnected[0m/on/lte/attached/ last=
15:57:09 up=87.61 fatal=0 mm=[32mconnected[0m/on/lte/attached/ last=
15:57:25 up=102.83 fatal=0 mm=[32mconnected[0m/on/lte/attached/ last=
15:57:40 up=118.04 fatal=0 mm=[32mconnected[0m/on/lte/attached/ last=
15:57:55 up=133.26 fatal=0 mm=[32mconnected[0m/on/lte/attached/ last=
15:58:10 up=148.47 fatal=0 mm=[32mconnected[0m/on/lte/attached/ last=
15:58:25 up=163.68 fatal=0 mm=[32mconnected[0m/on/lte/attached/ last=
15:58:41 up=178.86 fatal=0 mm=[32mconnected[0m/on/lte/attached/ last=
15:58:56 up=194.02 fatal=0 mm=[32mconnected[0m/on/lte/attached/ last=
15:59:11 up=209.23 fatal=0 mm=[32mconnected[0m/on/lte/attached/ last=
15:59:26 up=224.45 fatal=0 mm=[32mconnected[0m/on/lte/attached/ last=
15:59:41 up=239.62 fatal=0 mm=[32mconnected[0m/on/lte/attached/ last=
15:59:57 up=254.84 fatal=0 mm=[32mconnected[0m/on/lte/attached/ last=
16:00:12 up=270.04 fatal=0 mm=[32mconnected[0m/on/lte/attached/ last=
16:00:27 up=285.22 fatal=0 mm=[32mconnected[0m/on/lte/attached/ last=
16:00:42 up=300.43 fatal=0 mm=[32mconnected[0m/on/lte/attached/ last=
16:00:57 up=315.65 fatal=0 mm=[32mconnected[0m/on/lte/attached/ last=
16:01:13 up=330.82 fatal=0 mm=[32mconnected[0m/on/lte/attached/ last=
16:01:28 up=346.03 fatal=0 mm=[32mconnected[0m/on/lte/attached/ last=
16:01:43 up=361.25 fatal=0 mm=[32mconnected[0m/on/lte/attached/ last=
16:01:58 up=376.46 fatal=0 mm=[32mconnected[0m/on/lte/attached/ last=
16:02:13 up=391.68 fatal=0 mm=[32mconnected[0m/on/lte/attached/ last=
16:02:29 up=406.85 fatal=0 mm=[32mconnected[0m/on/lte/attached/ last=
16:02:44 up=422.03 fatal=0 mm=[32mconnected[0m/on/lte/attached/ last=
16:02:59 up=437.25 fatal=0 mm=[32mconnected[0m/on/lte/attached/ last=
16:03:14 up=452.46 fatal=0 mm=[32mconnected[0m/on/lte/attached/ last=
16:03:29 up=467.68 fatal=0 mm=[32mconnected[0m/on/lte/attached/ last=
16:03:45 up=482.86 fatal=0 mm=[32mconnected[0m/on/lte/attached/ last=
16:04:00 up=498.03 fatal=0 mm=[32mconnected[0m/on/lte/attached/ last=
16:04:15 up=513.20 fatal=0 mm=[32mconnected[0m/on/lte/attached/ last=
16:04:30 up=528.42 fatal=0 mm=[32mconnected[0m/on/lte/attached/ last=
16:04:45 up=543.59 fatal=1 mm= last=a2_task.c:1184:
16:05:01 up=558.75 fatal=1 mm=[32mconnected[0m/on/lte/attached/ last=a2_task.c:1184:
16:05:16 up=573.96 fatal=1 mm=[32mconnected[0m/on/lte/attached/ last=a2_task.c:1184:
16:05:31 up=589.14 fatal=1 mm=[32mconnected[0m/on/lte/attached/ last=a2_task.c:1184:
16:05:46 up=604.31 fatal=1 mm=[32mconnected[0m/on/lte/attached/ last=a2_task.c:1184:
16:06:01 up=619.48 fatal=1 mm=[32mconnected[0m/on/lte/attached/ last=a2_task.c:1184:
16:06:16 up=634.69 fatal=1 mm=[32mconnected[0m/on/lte/attached/ last=a2_task.c:1184:
16:06:32 up=649.86 fatal=1 mm=[32mconnected[0m/on/lte/attached/ last=a2_task.c:1184:
16:06:47 up=665.03 fatal=1 mm=[32mconnected[0m/on/lte/attached/ last=a2_task.c:1184:
16:07:02 up=680.24 fatal=1 mm=[32mconnected[0m/on/lte/attached/ last=a2_task.c:1184:
16:07:17 up=695.42 fatal=1 mm=[32mconnected[0m/on/lte/attached/ last=a2_task.c:1184:
16:07:32 up=710.59 fatal=1 mm=[32mconnected[0m/on/lte/attached/ last=a2_task.c:1184:
16:07:48 up=725.76 fatal=1 mm=[32mconnected[0m/on/lte/attached/ last=a2_task.c:1184:
16:08:03 up=740.97 fatal=1 mm=[32mconnected[0m/on/lte/attached/ last=a2_task.c:1184:
16:08:18 up=756.19 fatal=1 mm=[32mconnected[0m/on/lte/attached/ last=a2_task.c:1184:
16:08:33 up=771.36 fatal=1 mm=[32mconnected[0m/on/lte/attached/ last=a2_task.c:1184:
16:08:48 up=786.57 fatal=1 mm=[32mconnected[0m/on/lte/attached/ last=a2_task.c:1184:
16:09:04 up=801.75 fatal=1 mm=[32mconnected[0m/on/lte/attached/ last=a2_task.c:1184:
16:09:19 up=816.97 fatal=1 mm=[32mconnected[0m/on/lte/attached/ last=a2_task.c:1184:
16:09:34 up=832.13 fatal=1 mm=[32mconnected[0m/on/lte/attached/ last=a2_task.c:1184:
16:09:49 up=847.32 fatal=1 mm=[32mconnected[0m/on/lte/attached/ last=a2_task.c:1184:
16:10:04 up=862.48 fatal=1 mm=[32mconnected[0m/on/lte/attached/ last=a2_task.c:1184:
16:10:19 up=877.70 fatal=1 mm=[32mconnected[0m/on/lte/attached/ last=a2_task.c:1184:
16:10:35 up=892.91 fatal=1 mm=[32mconnected[0m/on/lte/attached/ last=a2_task.c:1184:
16:10:50 up=908.08 fatal=1 mm=[32mconnected[0m/on/lte/attached/ last=a2_task.c:1184:
16:11:05 up=923.26 fatal=1 mm=[32mconnected[0m/on/lte/attached/ last=a2_task.c:1184:
16:11:20 up=938.43 fatal=1 mm=[32mconnected[0m/on/lte/attached/ last=a2_task.c:1184:
16:11:35 up=953.59 fatal=1 mm=[32mconnected[0m/on/lte/attached/ last=a2_task.c:1184:
16:11:51 up=968.80 fatal=1 mm=[32mconnected[0m/on/lte/attached/ last=a2_task.c:1184:
16:12:06 up=983.97 fatal=1 mm=[32mconnected[0m/on/lte/attached/ last=a2_task.c:1184:
16:12:21 up=999.15 fatal=1 mm=[32mconnected[0m/on/lte/attached/ last=a2_task.c:1184:
16:12:36 up=1014.32 fatal=1 mm=[32mconnected[0m/on/lte/attached/ last=a2_task.c:1184:
16:12:51 up=1029.53 fatal=1 mm=[32mconnected[0m/on/lte/attached/ last=a2_task.c:1184:
16:13:07 up=1044.71 fatal=1 mm=[32mconnected[0m/on/lte/attached/ last=a2_task.c:1184:
16:13:22 up=1059.93 fatal=1 mm=[32mconnected[0m/on/lte/attached/ last=a2_task.c:1184:
16:13:37 up=1075.14 fatal=1 mm=[32mconnected[0m/on/lte/attached/ last=a2_task.c:1184:
16:13:52 up=1090.37 fatal=1 mm=[32mconnected[0m/on/lte/attached/ last=a2_task.c:1184:
16:14:07 up=1105.59 fatal=1 mm=[32mconnected[0m/on/lte/attached/ last=a2_task.c:1184:
16:14:23 up=1120.81 fatal=1 mm=[32mconnected[0m/on/lte/attached/ last=a2_task.c:1184:
16:14:38 up=1136.02 fatal=1 mm=[32mconnected[0m/on/lte/attached/ last=a2_task.c:1184:
16:14:53 up=1151.19 fatal=1 mm=[32mconnected[0m/on/lte/attached/ last=a2_task.c:1184:
16:15:08 up=1166.36 fatal=1 mm=[32mconnected[0m/on/lte/attached/ last=a2_task.c:1184:
16:15:23 up=1181.54 fatal=1 mm=[32mconnected[0m/on/lte/attached/ last=a2_task.c:1184:
16:15:39 up=1196.71 fatal=1 mm=[32mconnected[0m/on/lte/attached/ last=a2_task.c:1184:
16:15:54 up=1211.88 fatal=1 mm=[32mconnected[0m/on/lte/attached/ last=a2_task.c:1184:
16:16:09 up=1227.10 fatal=1 mm=[32mconnected[0m/on/lte/attached/ last=a2_task.c:1184:
16:16:24 up=1242.30 fatal=1 mm=[32mconnected[0m/on/lte/attached/ last=a2_task.c:1184:
16:16:39 up=1257.52 fatal=1 mm=[32mconnected[0m/on/lte/attached/ last=a2_task.c:1184:
16:16:55 up=1272.74 fatal=1 mm=[32mconnected[0m/on/lte/attached/ last=a2_task.c:1184:
16:17:10 up=1287.96 fatal=1 mm=[32mconnected[0m/on/lte/attached/ last=a2_task.c:1184:
16:17:25 up=1303.16 fatal=1 mm=[32mconnected[0m/on/lte/attached/ last=a2_task.c:1184:
16:17:40 up=1318.39 fatal=1 mm=[32mconnected[0m/on/lte/attached/ last=a2_task.c:1184:
16:17:55 up=1333.56 fatal=1 mm=[32mconnected[0m/on/lte/attached/ last=a2_task.c:1184:
16:18:11 up=1348.77 fatal=1 mm=[32mconnected[0m/on/lte/attached/ last=a2_task.c:1184:
16:18:26 up=1363.94 fatal=1 mm=[32mconnected[0m/on/lte/attached/ last=a2_task.c:1184:
16:18:41 up=1379.15 fatal=1 mm=[32mconnected[0m/on/lte/attached/ last=a2_task.c:1184:
16:18:56 up=1394.37 fatal=1 mm=[32mconnected[0m/on/lte/attached/ last=a2_task.c:1184:
16:19:11 up=1409.58 fatal=1 mm=[32mconnected[0m/on/lte/attached/ last=a2_task.c:1184:
16:19:27 up=1424.80 fatal=1 mm=[32mconnected[0m/on/lte/attached/ last=a2_task.c:1184:
16:19:42 up=1440.02 fatal=2 mm= last=a2_task.c:3179:
16:19:57 up=1455.21 fatal=2 mm=[32mconnected[0m/on/lte/attached/ last=a2_task.c:3179:
16:20:12 
16:20:35 
16:20:58 up=37.97 fatal=0 mm=disabled/ last=
16:21:13 up=53.19 fatal=0 mm=[32mconnected[0m/on/lte/attached/ last=
16:21:29 up=68.35 fatal=0 mm=[32mconnected[0m/on/lte/attached/ last=
16:21:44 up=83.56 fatal=0 mm=[32mconnected[0m/on/lte/attached/ last=
16:21:59 up=98.76 fatal=0 mm=[32mconnected[0m/on/lte/attached/ last=
16:22:14 up=113.95 fatal=0 mm=[32mconnected[0m/on/lte/attached/ last=
16:22:29 up=129.12 fatal=0 mm=[32mconnected[0m/on/lte/attached/ last=
16:22:45 up=144.35 fatal=0 mm=[32mconnected[0m/on/lte/attached/ last=
16:23:00 up=159.57 fatal=0 mm=[32mconnected[0m/on/lte/attached/ last=
16:23:15 up=174.82 fatal=0 mm=[32mconnected[0m/on/lte/attached/ last=
16:23:30 up=190.03 fatal=0 mm=[32mconnected[0m/on/lte/attached/ last=
16:23:46 up=205.28 fatal=0 mm=[32mconnected[0m/on/lte/attached/ last=
WATCHER DONE
